[   26147ms] [WARNING] An iframe which has both allow-scripts and allow-same-origin for its sandbox attribute can escape its sandboxing. @ about:srcdoc:0
[   26411ms] [WARNING] cdn.tailwindcss.com should not be used in production. To use Tailwind CSS in production, install it as a PostCSS plugin or use the Tailwind CLI: https://tailwindcss.com/docs/installation @ https://cdn.tailwindcss.com/:63
[   37102ms] [WARNING] An iframe which has both allow-scripts and allow-same-origin for its sandbox attribute can escape its sandboxing. @ about:srcdoc:0
[   37105ms] [WARNING] cdn.tailwindcss.com should not be used in production. To use Tailwind CSS in production, install it as a PostCSS plugin or use the Tailwind CLI: https://tailwindcss.com/docs/installation @ https://cdn.tailwindcss.com/:63
[   42093ms] [WARNING] An iframe which has both allow-scripts and allow-same-origin for its sandbox attribute can escape its sandboxing. @ about:srcdoc:0
[   42097ms] [WARNING] cdn.tailwindcss.com should not be used in production. To use Tailwind CSS in production, install it as a PostCSS plugin or use the Tailwind CLI: https://tailwindcss.com/docs/installation @ https://cdn.tailwindcss.com/:63
[   54005ms] [WARNING] An iframe which has both allow-scripts and allow-same-origin for its sandbox attribute can escape its sandboxing. @ about:srcdoc:0
[   54008ms] [WARNING] cdn.tailwindcss.com should not be used in production. To use Tailwind CSS in production, install it as a PostCSS plugin or use the Tailwind CLI: https://tailwindcss.com/docs/installation @ https://cdn.tailwindcss.com/:63
[   63906ms] [WARNING] An iframe which has both allow-scripts and allow-same-origin for its sandbox attribute can escape its sandboxing. @ about:srcdoc:0
[   63909ms] [WARNING] cdn.tailwindcss.com should not be used in production. To use Tailwind CSS in production, install it as a PostCSS plugin or use the Tailwind CLI: https://tailwindcss.com/docs/installation @ https://cdn.tailwindcss.com/:63
[   74705ms] [WARNING] An iframe which has both allow-scripts and allow-same-origin for its sandbox attribute can escape its sandboxing. @ about:srcdoc:0
[   74708ms] [WARNING] cdn.tailwindcss.com should not be used in production. To use Tailwind CSS in production, install it as a PostCSS plugin or use the Tailwind CLI: https://tailwindcss.com/docs/installation @ https://cdn.tailwindcss.com/:63
[   86728ms] [WARNING] An iframe which has both allow-scripts and allow-same-origin for its sandbox attribute can escape its sandboxing. @ about:srcdoc:0
[   86731ms] [WARNING] cdn.tailwindcss.com should not be used in production. To use Tailwind CSS in production, install it as a PostCSS plugin or use the Tailwind CLI: https://tailwindcss.com/docs/installation @ https://cdn.tailwindcss.com/:63
[   97759ms] [WARNING] An iframe which has both allow-scripts and allow-same-origin for its sandbox attribute can escape its sandboxing. @ about:srcdoc:0
[   97763ms] [WARNING] cdn.tailwindcss.com should not be used in production. To use Tailwind CSS in production, install it as a PostCSS plugin or use the Tailwind CLI: https://tailwindcss.com/docs/installation @ https://cdn.tailwindcss.com/:63
[   97794ms] [ERROR] Failed to load app: SyntaxError: The requested module 'lucide-react' does not provide an export named 'Toggle2' @ about:srcdoc:233
[   97795ms] [ERROR] Import map: {
  "imports": {
    "react": "https://esm.sh/react@19",
    "react-dom": "https://esm.sh/react-dom@19",
    "react-dom/client": "https://esm.sh/react-dom@19/client",
    "react/jsx-runtime": "https://esm.sh/react@19/jsx-runtime",
    "react/jsx-dev-runtime": "https://esm.sh/react@19/jsx-dev-runtime",
    "lucide-react": "https://esm.sh/lucide-react",
    "recharts": "https://esm.sh/recharts",
    "framer-motion": "https://esm.sh/framer-motion",
    "clsx": "https://esm.sh/clsx",
    "class-variance-authority": "https://esm.sh/class-variance-authority",
    "tailwind-merge": "https://esm.sh/tailwind-merge",
    "date-fns": "https://esm.sh/date-fns",
    "@radix-ui/react-dialog": "https://esm.sh/@radix-ui/react-dialog",
    "@radix-ui/react-popover": "https://esm.sh/@radix-ui/react-popover",
    "@radix-ui/react-tabs": "https://esm.sh/@radix-ui/react-tabs",
    "@radix-ui/react-select": "https://esm.sh/@radix-ui/react-select",
    "@radix-ui/react-dropdown-menu": "https://esm.sh/@radix-ui/react-dropdown-menu",
    "@radix-ui/react-tooltip": "https://esm.sh/@radix-ui/react-tooltip",
    "@radix-ui/react-checkbox": "https://esm.sh/@radix-ui/react-checkbox",
    "@radix-ui/react-switch": "https://esm.sh/@radix-ui/react-switch",
    "@radix-ui/react-slider": "https://esm.sh/@radix-ui/react-slider",
    "@radix-ui/react-accordion": "https://esm.sh/@radix-ui/react-accordion",
    "@radix-ui/react-avatar": "https://esm.sh/@radix-ui/react-avatar",
    "@radix-ui/react-progress": "https://esm.sh/@radix-ui/react-progress",
    "@radix-ui/react-separator": "https://esm.sh/@radix-ui/react-separator",
    "@radix-ui/react-label": "https://esm.sh/@radix-ui/react-label",
    "@radix-ui/react-scroll-area": "https://esm.sh/@radix-ui/react-scroll-area",
    "@radix-ui/react-slot": "https://esm.sh/@radix-ui/react-slot",
    "/App.jsx": "blob:http://localhost:3001/21fd5858-4ec7-4039-952f-821c7373eddf",
    "App.jsx": "blob:http://localhost:3001/21fd5858-4ec7-4039-952f-821c7373eddf",
    "@/App.jsx": "blob:http://localhost:3001/21fd5858-4ec7-4039-952f-821c7373eddf",
    "/App": "blob:http://localhost:3001/21fd5858-4ec7-4039-952f-821c7373eddf",
    "App": "blob:http://localhost:3001/21fd5858-4ec7-4039-952f-821c7373eddf",
    "@/App": "blob:http://localhost:3001/21fd5858-4ec7-4039-952f-821c7373eddf",
    "/data/mock.js": "blob:http://localhost:3001/ee0ad812-9124-4b70-87b6-602a4085cb6d",
    "data/mock.js": "blob:http://localhost:3001/ee0ad812-9124-4b70-87b6-602a4085cb6d",
    "@/data/mock.js": "blob:http://localhost:3001/ee0ad812-9124-4b70-87b6-602a4085cb6d",
    "/data/mock": "blob:http://localhost:3001/ee0ad812-9124-4b70-87b6-602a4085cb6d",
    "data/mock": "blob:http://localhost:3001/ee0ad812-9124-4b70-87b6-602a4085cb6d",
    "@/data/mock": "blob:http://localhost:3001/ee0ad812-9124-4b70-87b6-602a4085cb6d",
    "/components/Sidebar.jsx": "blob:http://localhost:3001/a9152553-0287-47ef-957b-a28abb43513f",
    "components/Sidebar.jsx": "blob:http://localhost:3001/a9152553-0287-47ef-957b-a28abb43513f",
    "@/components/Sidebar.jsx": "blob:http://localhost:3001/a9152553-0287-47ef-957b-a28abb43513f",
    "/components/Sidebar": "blob:http://localhost:3001/a9152553-0287-47ef-957b-a28abb43513f",
    "components/Sidebar": "blob:http://localhost:3001/a9152553-0287-47ef-957b-a28abb43513f",
    "@/components/Sidebar": "blob:http://localhost:3001/a9152553-0287-47ef-957b-a28abb43513f",
    "/components/Dashboard.jsx": "blob:http://localhost:3001/72cc86b2-e14d-47b1-9b34-1a05a8b9aa53",
    "components/Dashboard.jsx": "blob:http://localhost:3001/72cc86b2-e14d-47b1-9b34-1a05a8b9aa53",
    "@/components/Dashboard.jsx": "blob:http://localhost:3001/72cc86b2-e14d-47b1-9b34-1a05a8b9aa53",
    "/components/Dashboard": "blob:http://localhost:3001/72cc86b2-e14d-47b1-9b34-1a05a8b9aa53",
    "components/Dashboard": "blob:http://localhost:3001/72cc86b2-e14d-47b1-9b34-1a05a8b9aa53",
    "@/components/Dashboard": "blob:http://localhost:3001/72cc86b2-e14d-47b1-9b34-1a05a8b9aa53",
    "/components/Cards.jsx": "blob:http://localhost:3001/10387dc0-3e27-4ed3-995c-2085f5be58ff",
    "components/Cards.jsx": "blob:http://localhost:3001/10387dc0-3e27-4ed3-995c-2085f5be58ff",
    "@/components/Cards.jsx": "blob:http://localhost:3001/10387dc0-3e27-4ed3-995c-2085f5be58ff",
    "/components/Cards": "blob:http://localhost:3001/10387dc0-3e27-4ed3-995c-2085f5be58ff",
    "components/Cards": "blob:http://localhost:3001/10387dc0-3e27-4ed3-995c-2085f5be58ff",
    "@/components/Cards": "blob:http://localhost:3001/10387dc0-3e27-4ed3-995c-2085f5be58ff",
    "/components/Transactions.jsx": "blob:http://localhost:3001/fd4a393e-2d87-4c87-9390-51f4bda8cef6",
    "components/Transactions.jsx": "blob:http://localhost:3001/fd4a393e-2d87-4c87-9390-51f4bda8cef6",
    "@/components/Transactions.jsx": "blob:http://localhost:3001/fd4a393e-2d87-4c87-9390-51f4bda8cef6",
    "/components/Transactions": "blob:http://localhost:3001/fd4a393e-2d87-4c87-9390-51f4bda8cef6",
    "components/Transactions": "blob:http://localhost:3001/fd4a393e-2d87-4c87-9390-51f4bda8cef6",
    "@/components/Transactions": "blob:http://localhost:3001/fd4a393e-2d87-4c87-9390-51f4bda8cef6",
    "/components/Analytics.jsx": "blob:http://localhost:3001/10cb82db-e59f-4817-ba23-1b1daac478b3",
    "components/Analytics.jsx": "blob:http://localhost:3001/10cb82db-e59f-4817-ba23-1b1daac478b3",
    "@/components/Analytics.jsx": "blob:http://localhost:3001/10cb82db-e59f-4817-ba23-1b1daac478b3",
    "/components/Analytics": "blob:http://localhost:3001/10cb82db-e59f-4817-ba23-1b1daac478b3",
    "components/Analytics": "blob:http://localhost:3001/10cb82db-e59f-4817-ba23-1b1daac478b3",
    "@/components/Analytics": "blob:http://localhost:3001/10cb82db-e59f-4817-ba23-1b1daac478b3",
    "/components/Settings.jsx": "blob:http://localhost:3001/0c872364-bc7f-4658-bc2a-f25e652c22cf",
    "components/Settings.jsx": "blob:http://localhost:3001/0c872364-bc7f-4658-bc2a-f25e652c22cf",
    "@/components/Settings.jsx": "blob:http://localhost:3001/0c872364-bc7f-4658-bc2a-f25e652c22cf",
    "/components/Settings": "blob:http://localhost:3001/0c872364-bc7f-4658-bc2a-f25e652c22cf",
    "components/Settings": "blob:http://localhost:3001/0c872364-bc7f-4658-bc2a-f25e652c22cf",
    "@/components/Settings": "blob:http://localhost:3001/0c872364-bc7f-4658-bc2a-f25e652c22cf"
  }
} @ about:srcdoc:234
[  106170ms] [WARNING] An iframe which has both allow-scripts and allow-same-origin for its sandbox attribute can escape its sandboxing. @ about:srcdoc:0
[  106174ms] [WARNING] cdn.tailwindcss.com should not be used in production. To use Tailwind CSS in production, install it as a PostCSS plugin or use the Tailwind CLI: https://tailwindcss.com/docs/installation @ https://cdn.tailwindcss.com/:63
[  106202ms] [ERROR] Failed to load app: SyntaxError: The requested module 'lucide-react' does not provide an export named 'Toggle2' @ about:srcdoc:233
[  106202ms] [ERROR] Import map: {
  "imports": {
    "react": "https://esm.sh/react@19",
    "react-dom": "https://esm.sh/react-dom@19",
    "react-dom/client": "https://esm.sh/react-dom@19/client",
    "react/jsx-runtime": "https://esm.sh/react@19/jsx-runtime",
    "react/jsx-dev-runtime": "https://esm.sh/react@19/jsx-dev-runtime",
    "lucide-react": "https://esm.sh/lucide-react",
    "recharts": "https://esm.sh/recharts",
    "framer-motion": "https://esm.sh/framer-motion",
    "clsx": "https://esm.sh/clsx",
    "class-variance-authority": "https://esm.sh/class-variance-authority",
    "tailwind-merge": "https://esm.sh/tailwind-merge",
    "date-fns": "https://esm.sh/date-fns",
    "@radix-ui/react-dialog": "https://esm.sh/@radix-ui/react-dialog",
    "@radix-ui/react-popover": "https://esm.sh/@radix-ui/react-popover",
    "@radix-ui/react-tabs": "https://esm.sh/@radix-ui/react-tabs",
    "@radix-ui/react-select": "https://esm.sh/@radix-ui/react-select",
    "@radix-ui/react-dropdown-menu": "https://esm.sh/@radix-ui/react-dropdown-menu",
    "@radix-ui/react-tooltip": "https://esm.sh/@radix-ui/react-tooltip",
    "@radix-ui/react-checkbox": "https://esm.sh/@radix-ui/react-checkbox",
    "@radix-ui/react-switch": "https://esm.sh/@radix-ui/react-switch",
    "@radix-ui/react-slider": "https://esm.sh/@radix-ui/react-slider",
    "@radix-ui/react-accordion": "https://esm.sh/@radix-ui/react-accordion",
    "@radix-ui/react-avatar": "https://esm.sh/@radix-ui/react-avatar",
    "@radix-ui/react-progress": "https://esm.sh/@radix-ui/react-progress",
    "@radix-ui/react-separator": "https://esm.sh/@radix-ui/react-separator",
    "@radix-ui/react-label": "https://esm.sh/@radix-ui/react-label",
    "@radix-ui/react-scroll-area": "https://esm.sh/@radix-ui/react-scroll-area",
    "@radix-ui/react-slot": "https://esm.sh/@radix-ui/react-slot",
    "/App.jsx": "blob:http://localhost:3001/7164d895-3965-427a-9d94-e5bf31ce4da9",
    "App.jsx": "blob:http://localhost:3001/7164d895-3965-427a-9d94-e5bf31ce4da9",
    "@/App.jsx": "blob:http://localhost:3001/7164d895-3965-427a-9d94-e5bf31ce4da9",
    "/App": "blob:http://localhost:3001/7164d895-3965-427a-9d94-e5bf31ce4da9",
    "App": "blob:http://localhost:3001/7164d895-3965-427a-9d94-e5bf31ce4da9",
    "@/App": "blob:http://localhost:3001/7164d895-3965-427a-9d94-e5bf31ce4da9",
    "/data/mock.js": "blob:http://localhost:3001/c439b24b-4cb5-4a18-a9bc-a2f2f08e6dde",
    "data/mock.js": "blob:http://localhost:3001/c439b24b-4cb5-4a18-a9bc-a2f2f08e6dde",
    "@/data/mock.js": "blob:http://localhost:3001/c439b24b-4cb5-4a18-a9bc-a2f2f08e6dde",
    "/data/mock": "blob:http://localhost:3001/c439b24b-4cb5-4a18-a9bc-a2f2f08e6dde",
    "data/mock": "blob:http://localhost:3001/c439b24b-4cb5-4a18-a9bc-a2f2f08e6dde",
    "@/data/mock": "blob:http://localhost:3001/c439b24b-4cb5-4a18-a9bc-a2f2f08e6dde",
    "/components/Sidebar.jsx": "blob:http://localhost:3001/c576faf0-d09d-4096-97ff-85c56876e6f1",
    "components/Sidebar.jsx": "blob:http://localhost:3001/c576faf0-d09d-4096-97ff-85c56876e6f1",
    "@/components/Sidebar.jsx": "blob:http://localhost:3001/c576faf0-d09d-4096-97ff-85c56876e6f1",
    "/components/Sidebar": "blob:http://localhost:3001/c576faf0-d09d-4096-97ff-85c56876e6f1",
    "components/Sidebar": "blob:http://localhost:3001/c576faf0-d09d-4096-97ff-85c56876e6f1",
    "@/components/Sidebar": "blob:http://localhost:3001/c576faf0-d09d-4096-97ff-85c56876e6f1",
    "/components/Dashboard.jsx": "blob:http://localhost:3001/a01cdf18-4df8-4b2e-a0c8-c4cacb78d28b",
    "components/Dashboard.jsx": "blob:http://localhost:3001/a01cdf18-4df8-4b2e-a0c8-c4cacb78d28b",
    "@/components/Dashboard.jsx": "blob:http://localhost:3001/a01cdf18-4df8-4b2e-a0c8-c4cacb78d28b",
    "/components/Dashboard": "blob:http://localhost:3001/a01cdf18-4df8-4b2e-a0c8-c4cacb78d28b",
    "components/Dashboard": "blob:http://localhost:3001/a01cdf18-4df8-4b2e-a0c8-c4cacb78d28b",
    "@/components/Dashboard": "blob:http://localhost:3001/a01cdf18-4df8-4b2e-a0c8-c4cacb78d28b",
    "/components/Cards.jsx": "blob:http://localhost:3001/11833cb0-086e-45df-b96e-d01e19f5d4b0",
    "components/Cards.jsx": "blob:http://localhost:3001/11833cb0-086e-45df-b96e-d01e19f5d4b0",
    "@/components/Cards.jsx": "blob:http://localhost:3001/11833cb0-086e-45df-b96e-d01e19f5d4b0",
    "/components/Cards": "blob:http://localhost:3001/11833cb0-086e-45df-b96e-d01e19f5d4b0",
    "components/Cards": "blob:http://localhost:3001/11833cb0-086e-45df-b96e-d01e19f5d4b0",
    "@/components/Cards": "blob:http://localhost:3001/11833cb0-086e-45df-b96e-d01e19f5d4b0",
    "/components/Transactions.jsx": "blob:http://localhost:3001/8bf8d3e9-4965-4b7c-8bdc-7a08b050965e",
    "components/Transactions.jsx": "blob:http://localhost:3001/8bf8d3e9-4965-4b7c-8bdc-7a08b050965e",
    "@/components/Transactions.jsx": "blob:http://localhost:3001/8bf8d3e9-4965-4b7c-8bdc-7a08b050965e",
    "/components/Transactions": "blob:http://localhost:3001/8bf8d3e9-4965-4b7c-8bdc-7a08b050965e",
    "components/Transactions": "blob:http://localhost:3001/8bf8d3e9-4965-4b7c-8bdc-7a08b050965e",
    "@/components/Transactions": "blob:http://localhost:3001/8bf8d3e9-4965-4b7c-8bdc-7a08b050965e",
    "/components/Analytics.jsx": "blob:http://localhost:3001/4ba5d71c-7bff-4e00-9ea6-df35e92fb143",
    "components/Analytics.jsx": "blob:http://localhost:3001/4ba5d71c-7bff-4e00-9ea6-df35e92fb143",
    "@/components/Analytics.jsx": "blob:http://localhost:3001/4ba5d71c-7bff-4e00-9ea6-df35e92fb143",
    "/components/Analytics": "blob:http://localhost:3001/4ba5d71c-7bff-4e00-9ea6-df35e92fb143",
    "components/Analytics": "blob:http://localhost:3001/4ba5d71c-7bff-4e00-9ea6-df35e92fb143",
    "@/components/Analytics": "blob:http://localhost:3001/4ba5d71c-7bff-4e00-9ea6-df35e92fb143",
    "/components/Settings.jsx": "blob:http://localhost:3001/d2da6cd8-f3c1-46f5-adb5-1b9957ee875a",
    "components/Settings.jsx": "blob:http://localhost:3001/d2da6cd8-f3c1-46f5-adb5-1b9957ee875a",
    "@/components/Settings.jsx": "blob:http://localhost:3001/d2da6cd8-f3c1-46f5-adb5-1b9957ee875a",
    "/components/Settings": "blob:http://localhost:3001/d2da6cd8-f3c1-46f5-adb5-1b9957ee875a",
    "components/Settings": "blob:http://localhost:3001/d2da6cd8-f3c1-46f5-adb5-1b9957ee875a",
    "@/components/Settings": "blob:http://localhost:3001/d2da6cd8-f3c1-46f5-adb5-1b9957ee875a"
  }
} @ about:srcdoc:234
[  115763ms] [WARNING] An iframe which has both allow-scripts and allow-same-origin for its sandbox attribute can escape its sandboxing. @ about:srcdoc:0
[  115766ms] [WARNING] cdn.tailwindcss.com should not be used in production. To use Tailwind CSS in production, install it as a PostCSS plugin or use the Tailwind CLI: https://tailwindcss.com/docs/installation @ https://cdn.tailwindcss.com/:63
[  115989ms] [ERROR] Failed to load app: SyntaxError: The requested module 'lucide-react' does not provide an export named 'Toggle2' @ about:srcdoc:233
[  115989ms] [ERROR] Import map: {
  "imports": {
    "react": "https://esm.sh/react@19",
    "react-dom": "https://esm.sh/react-dom@19",
    "react-dom/client": "https://esm.sh/react-dom@19/client",
    "react/jsx-runtime": "https://esm.sh/react@19/jsx-runtime",
    "react/jsx-dev-runtime": "https://esm.sh/react@19/jsx-dev-runtime",
    "lucide-react": "https://esm.sh/lucide-react",
    "recharts": "https://esm.sh/recharts",
    "framer-motion": "https://esm.sh/framer-motion",
    "clsx": "https://esm.sh/clsx",
    "class-variance-authority": "https://esm.sh/class-variance-authority",
    "tailwind-merge": "https://esm.sh/tailwind-merge",
    "date-fns": "https://esm.sh/date-fns",
    "@radix-ui/react-dialog": "https://esm.sh/@radix-ui/react-dialog",
    "@radix-ui/react-popover": "https://esm.sh/@radix-ui/react-popover",
    "@radix-ui/react-tabs": "https://esm.sh/@radix-ui/react-tabs",
    "@radix-ui/react-select": "https://esm.sh/@radix-ui/react-select",
    "@radix-ui/react-dropdown-menu": "https://esm.sh/@radix-ui/react-dropdown-menu",
    "@radix-ui/react-tooltip": "https://esm.sh/@radix-ui/react-tooltip",
    "@radix-ui/react-checkbox": "https://esm.sh/@radix-ui/react-checkbox",
    "@radix-ui/react-switch": "https://esm.sh/@radix-ui/react-switch",
    "@radix-ui/react-slider": "https://esm.sh/@radix-ui/react-slider",
    "@radix-ui/react-accordion": "https://esm.sh/@radix-ui/react-accordion",
    "@radix-ui/react-avatar": "https://esm.sh/@radix-ui/react-avatar",
    "@radix-ui/react-progress": "https://esm.sh/@radix-ui/react-progress",
    "@radix-ui/react-separator": "https://esm.sh/@radix-ui/react-separator",
    "@radix-ui/react-label": "https://esm.sh/@radix-ui/react-label",
    "@radix-ui/react-scroll-area": "https://esm.sh/@radix-ui/react-scroll-area",
    "@radix-ui/react-slot": "https://esm.sh/@radix-ui/react-slot",
    "/App.jsx": "blob:http://localhost:3001/07fc1f7e-a309-4886-9f48-03d6f5e4a483",
    "App.jsx": "blob:http://localhost:3001/07fc1f7e-a309-4886-9f48-03d6f5e4a483",
    "@/App.jsx": "blob:http://localhost:3001/07fc1f7e-a309-4886-9f48-03d6f5e4a483",
    "/App": "blob:http://localhost:3001/07fc1f7e-a309-4886-9f48-03d6f5e4a483",
    "App": "blob:http://localhost:3001/07fc1f7e-a309-4886-9f48-03d6f5e4a483",
    "@/App": "blob:http://localhost:3001/07fc1f7e-a309-4886-9f48-03d6f5e4a483",
    "/data/mock.js": "blob:http://localhost:3001/e2090921-a58a-472d-925d-d03e2e6d25a3",
    "data/mock.js": "blob:http://localhost:3001/e2090921-a58a-472d-925d-d03e2e6d25a3",
    "@/data/mock.js": "blob:http://localhost:3001/e2090921-a58a-472d-925d-d03e2e6d25a3",
    "/data/mock": "blob:http://localhost:3001/e2090921-a58a-472d-925d-d03e2e6d25a3",
    "data/mock": "blob:http://localhost:3001/e2090921-a58a-472d-925d-d03e2e6d25a3",
    "@/data/mock": "blob:http://localhost:3001/e2090921-a58a-472d-925d-d03e2e6d25a3",
    "/components/Sidebar.jsx": "blob:http://localhost:3001/2cc9d98e-6e9a-4c14-80fd-f2c09a84883c",
    "components/Sidebar.jsx": "blob:http://localhost:3001/2cc9d98e-6e9a-4c14-80fd-f2c09a84883c",
    "@/components/Sidebar.jsx": "blob:http://localhost:3001/2cc9d98e-6e9a-4c14-80fd-f2c09a84883c",
    "/components/Sidebar": "blob:http://localhost:3001/2cc9d98e-6e9a-4c14-80fd-f2c09a84883c",
    "components/Sidebar": "blob:http://localhost:3001/2cc9d98e-6e9a-4c14-80fd-f2c09a84883c",
    "@/components/Sidebar": "blob:http://localhost:3001/2cc9d98e-6e9a-4c14-80fd-f2c09a84883c",
    "/components/Dashboard.jsx": "blob:http://localhost:3001/15d6f4dd-df82-419b-add6-b2904d39b66a",
    "components/Dashboard.jsx": "blob:http://localhost:3001/15d6f4dd-df82-419b-add6-b2904d39b66a",
    "@/components/Dashboard.jsx": "blob:http://localhost:3001/15d6f4dd-df82-419b-add6-b2904d39b66a",
    "/components/Dashboard": "blob:http://localhost:3001/15d6f4dd-df82-419b-add6-b2904d39b66a",
    "components/Dashboard": "blob:http://localhost:3001/15d6f4dd-df82-419b-add6-b2904d39b66a",
    "@/components/Dashboard": "blob:http://localhost:3001/15d6f4dd-df82-419b-add6-b2904d39b66a",
    "/components/Cards.jsx": "blob:http://localhost:3001/da95cf6d-f846-4aca-83c3-8a101644739f",
    "components/Cards.jsx": "blob:http://localhost:3001/da95cf6d-f846-4aca-83c3-8a101644739f",
    "@/components/Cards.jsx": "blob:http://localhost:3001/da95cf6d-f846-4aca-83c3-8a101644739f",
    "/components/Cards": "blob:http://localhost:3001/da95cf6d-f846-4aca-83c3-8a101644739f",
    "components/Cards": "blob:http://localhost:3001/da95cf6d-f846-4aca-83c3-8a101644739f",
    "@/components/Cards": "blob:http://localhost:3001/da95cf6d-f846-4aca-83c3-8a101644739f",
    "/components/Transactions.jsx": "blob:http://localhost:3001/984510df-d568-4a89-ac67-adc8cb4a3b09",
    "components/Transactions.jsx": "blob:http://localhost:3001/984510df-d568-4a89-ac67-adc8cb4a3b09",
    "@/components/Transactions.jsx": "blob:http://localhost:3001/984510df-d568-4a89-ac67-adc8cb4a3b09",
    "/components/Transactions": "blob:http://localhost:3001/984510df-d568-4a89-ac67-adc8cb4a3b09",
    "components/Transactions": "blob:http://localhost:3001/984510df-d568-4a89-ac67-adc8cb4a3b09",
    "@/components/Transactions": "blob:http://localhost:3001/984510df-d568-4a89-ac67-adc8cb4a3b09",
    "/components/Analytics.jsx": "blob:http://localhost:3001/f58900a5-4170-494e-85d5-09730b106b32",
    "components/Analytics.jsx": "blob:http://localhost:3001/f58900a5-4170-494e-85d5-09730b106b32",
    "@/components/Analytics.jsx": "blob:http://localhost:3001/f58900a5-4170-494e-85d5-09730b106b32",
    "/components/Analytics": "blob:http://localhost:3001/f58900a5-4170-494e-85d5-09730b106b32",
    "components/Analytics": "blob:http://localhost:3001/f58900a5-4170-494e-85d5-09730b106b32",
    "@/components/Analytics": "blob:http://localhost:3001/f58900a5-4170-494e-85d5-09730b106b32",
    "/components/Settings.jsx": "blob:http://localhost:3001/f42d50db-9ce9-4968-9a75-06cffda7de73",
    "components/Settings.jsx": "blob:http://localhost:3001/f42d50db-9ce9-4968-9a75-06cffda7de73",
    "@/components/Settings.jsx": "blob:http://localhost:3001/f42d50db-9ce9-4968-9a75-06cffda7de73",
    "/components/Settings": "blob:http://localhost:3001/f42d50db-9ce9-4968-9a75-06cffda7de73",
    "components/Settings": "blob:http://localhost:3001/f42d50db-9ce9-4968-9a75-06cffda7de73",
    "@/components/Settings": "blob:http://localhost:3001/f42d50db-9ce9-4968-9a75-06cffda7de73"
  }
} @ about:srcdoc:234
[  124431ms] [WARNING] An iframe which has both allow-scripts and allow-same-origin for its sandbox attribute can escape its sandboxing. @ about:srcdoc:0
[  124434ms] [WARNING] cdn.tailwindcss.com should not be used in production. To use Tailwind CSS in production, install it as a PostCSS plugin or use the Tailwind CLI: https://tailwindcss.com/docs/installation @ https://cdn.tailwindcss.com/:63
